exports[`Pedigree matches snapshot with custom 1`] = `
<div>
  <table>
    <tbody>
      <tr>
        <td
          rowSpan={16}>
          <div
            className="item">
            <span>
              Real generator
            </span>
          </div>
        </td>
        <td
          rowSpan={8}>
          <div
            className="item">
            <span>
              Real generator
            </span>
          </div>
        </td>
        <td
          rowSpan={4}>
          <div
            className="item">
            <span>
              Real generator
            </span>
          </div>
        </td>
        <td
          rowSpan={2}>
          <div
            className="item">
            <span>
              Real generator
            </span>
          </div>
        </td>
        <td
          rowSpan={1}>
          <div
            className="item">
            <span>
              Real generator
            </span>
          </div>
        </td>
      </tr>
      <tr>
        <td
          rowSpan={1}>
          <div
            className="item">
            <span>
              Real generator
            </span>
          </div>
        </td>
      </tr>
      <tr>
        <td
          rowSpan={2}>
          <div
            className="item">
            <span>
              Real generator
            </span>
          </div>
        </td>
        <td
          rowSpan={1}>
          <div
            className="item">
            <span>
              Real generator
            </span>
          </div>
        </td>
      </tr>
      <tr>
        <td
          rowSpan={1}>
          <div
            className="item">
            <span>
              Real generator
            </span>
          </div>
        </td>
      </tr>
      <tr>
        <td
          rowSpan={4}>
          <div
            className="item">
            <span>
              Real generator
            </span>
          </div>
        </td>
        <td
          rowSpan={2}>
          <div
            className="item">
            <span>
              Real generator
            </span>
          </div>
        </td>
        <td
          rowSpan={1}>
          <div
            className="item">
            <span>
              Real generator
            </span>
          </div>
        </td>
      </tr>
      <tr>
        <td
          rowSpan={1}>
          <div
            className="item">
            <span>
              Real generator
            </span>
          </div>
        </td>
      </tr>
      <tr>
        <td
          rowSpan={2}>
          <div
            className="item">
            <span>
              Real generator
            </span>
          </div>
        </td>
        <td
          rowSpan={1}>
          <div
            className="item">
            <span>
              Real generator
            </span>
          </div>
        </td>
      </tr>
      <tr>
        <td
          rowSpan={1}>
          <div
            className="item">
            <span>
              Real generator
            </span>
          </div>
        </td>
      </tr>
      <tr>
        <td
          rowSpan={8}>
          <div
            className="item">
            <span>
              Real generator
            </span>
          </div>
        </td>
        <td
          rowSpan={4}>
          <div
            className="item">
            <span>
              Real generator
            </span>
          </div>
        </td>
        <td
          rowSpan={2}>
          <div
            className="item">
            <span>
              Real generator
            </span>
          </div>
        </td>
        <td
          rowSpan={1}>
          <div
            className="item">
            <span>
              Real generator
            </span>
          </div>
        </td>
      </tr>
      <tr>
        <td
          rowSpan={1}>
          <div
            className="item">
            <span>
              Real generator
            </span>
          </div>
        </td>
      </tr>
      <tr>
        <td
          rowSpan={2}>
          <div
            className="item">
            <span>
              Real generator
            </span>
          </div>
        </td>
        <td
          rowSpan={1}>
          <div
            className="item">
            <span>
              Real generator
            </span>
          </div>
        </td>
      </tr>
      <tr>
        <td
          rowSpan={1}>
          <div
            className="item">
            <span>
              Real generator
            </span>
          </div>
        </td>
      </tr>
      <tr>
        <td
          rowSpan={4}>
          <div
            className="item">
            <span>
              Real generator
            </span>
          </div>
        </td>
        <td
          rowSpan={2}>
          <div
            className="item">
            <span>
              Real generator
            </span>
          </div>
        </td>
        <td
          rowSpan={1}>
          <div
            className="item">
            <span>
              Real generator
            </span>
          </div>
        </td>
      </tr>
      <tr>
        <td
          rowSpan={1}>
          <div
            className="item">
            <span>
              Real generator
            </span>
          </div>
        </td>
      </tr>
      <tr>
        <td
          rowSpan={2}>
          <div
            className="item">
            <span>
              Real generator
            </span>
          </div>
        </td>
        <td
          rowSpan={1}>
          <div
            className="item">
            <span>
              Real generator
            </span>
          </div>
        </td>
      </tr>
      <tr>
        <td
          rowSpan={1}>
          <div
            className="item">
            <span>
              Real generator
            </span>
          </div>
        </td>
      </tr>
      <tr>
        <td
          rowSpan={16}>
          <div
            className="item">
            <span>
              Real generator
            </span>
          </div>
        </td>
        <td
          rowSpan={8}>
          <div
            className="item">
            <span>
              Real generator
            </span>
          </div>
        </td>
        <td
          rowSpan={4}>
          <div
            className="item">
            <span>
              Real generator
            </span>
          </div>
        </td>
        <td
          rowSpan={2}>
          <div
            className="item">
            <span>
              Real generator
            </span>
          </div>
        </td>
        <td
          rowSpan={1}>
          <div
            className="item">
            <span>
              Real generator
            </span>
          </div>
        </td>
      </tr>
      <tr>
        <td
          rowSpan={1}>
          <div
            className="item">
            <span>
              Real generator
            </span>
          </div>
        </td>
      </tr>
      <tr>
        <td
          rowSpan={2}>
          <div
            className="item">
            <span>
              Real generator
            </span>
          </div>
        </td>
        <td
          rowSpan={1}>
          <div
            className="item">
            <span>
              Real generator
            </span>
          </div>
        </td>
      </tr>
      <tr>
        <td
          rowSpan={1}>
          <div
            className="item">
            <span>
              Real generator
            </span>
          </div>
        </td>
      </tr>
      <tr>
        <td
          rowSpan={4}>
          <div
            className="item">
            <span>
              Real generator
            </span>
          </div>
        </td>
        <td
          rowSpan={2}>
          <div
            className="item">
            <span>
              Real generator
            </span>
          </div>
        </td>
        <td
          rowSpan={1}>
          <div
            className="item">
            <span>
              Real generator
            </span>
          </div>
        </td>
      </tr>
      <tr>
        <td
          rowSpan={1}>
          <div
            className="item">
            <span>
              Real generator
            </span>
          </div>
        </td>
      </tr>
      <tr>
        <td
          rowSpan={2}>
          <div
            className="item">
            <span>
              Real generator
            </span>
          </div>
        </td>
        <td
          rowSpan={1}>
          <div
            className="item">
            <span>
              Real generator
            </span>
          </div>
        </td>
      </tr>
      <tr>
        <td
          rowSpan={1}>
          <div
            className="item">
            <span>
              Real generator
            </span>
          </div>
        </td>
      </tr>
      <tr>
        <td
          rowSpan={8}>
          <div
            className="item">
            <span>
              Real generator
            </span>
          </div>
        </td>
        <td
          rowSpan={4}>
          <div
            className="item">
            <span>
              Real generator
            </span>
          </div>
        </td>
        <td
          rowSpan={2}>
          <div
            className="item">
            <span>
              Real generator
            </span>
          </div>
        </td>
        <td
          rowSpan={1}>
          <div
            className="item">
            <span>
              Real generator
            </span>
          </div>
        </td>
      </tr>
      <tr>
        <td
          rowSpan={1}>
          <div
            className="item">
            <span>
              Real generator
            </span>
          </div>
        </td>
      </tr>
      <tr>
        <td
          rowSpan={2}>
          <div
            className="item">
            <span>
              Real generator
            </span>
          </div>
        </td>
        <td
          rowSpan={1}>
          <div
            className="item">
            <span>
              Real generator
            </span>
          </div>
        </td>
      </tr>
      <tr>
        <td
          rowSpan={1}>
          <div
            className="item">
            <span>
              Real generator
            </span>
          </div>
        </td>
      </tr>
      <tr>
        <td
          rowSpan={4}>
          <div
            className="item">
            <span>
              Real generator
            </span>
          </div>
        </td>
        <td
          rowSpan={2}>
          <div
            className="item">
            <span>
              Real generator
            </span>
          </div>
        </td>
        <td
          rowSpan={1}>
          <div
            className="item">
            <span>
              Real generator
            </span>
          </div>
        </td>
      </tr>
      <tr>
        <td
          rowSpan={1}>
          <div
            className="item">
            <span>
              Real generator
            </span>
          </div>
        </td>
      </tr>
      <tr>
        <td
          rowSpan={2}>
          <div
            className="item">
            <span>
              Real generator
            </span>
          </div>
        </td>
        <td
          rowSpan={1}>
          <div
            className="item">
            <span>
              Real generator
            </span>
          </div>
        </td>
      </tr>
      <tr>
        <td
          rowSpan={1}>
          <div
            className="item">
            <span>
              Real generator
            </span>
          </div>
        </td>
      </tr>
    </tbody>
  </table>
</div>
`;

exports[`Pedigree matches snapshot with default generator 1`] = `
<div>
  <table>
    <tbody>
      <tr>
        <td
          rowSpan={16}>
          <div
            className="emptyCell" />
        </td>
        <td
          rowSpan={8}>
          <div
            className="emptyCell" />
        </td>
        <td
          rowSpan={4}>
          <div
            className="emptyCell" />
        </td>
        <td
          rowSpan={2}>
          <div
            className="emptyCell" />
        </td>
        <td
          rowSpan={1}>
          <div
            className="emptyCell" />
        </td>
      </tr>
      <tr>
        <td
          rowSpan={1}>
          <div
            className="emptyCell" />
        </td>
      </tr>
      <tr>
        <td
          rowSpan={2}>
          <div
            className="emptyCell" />
        </td>
        <td
          rowSpan={1}>
          <div
            className="emptyCell" />
        </td>
      </tr>
      <tr>
        <td
          rowSpan={1}>
          <div
            className="emptyCell" />
        </td>
      </tr>
      <tr>
        <td
          rowSpan={4}>
          <div
            className="emptyCell" />
        </td>
        <td
          rowSpan={2}>
          <div
            className="emptyCell" />
        </td>
        <td
          rowSpan={1}>
          <div
            className="emptyCell" />
        </td>
      </tr>
      <tr>
        <td
          rowSpan={1}>
          <div
            className="emptyCell" />
        </td>
      </tr>
      <tr>
        <td
          rowSpan={2}>
          <div
            className="emptyCell" />
        </td>
        <td
          rowSpan={1}>
          <div
            className="emptyCell" />
        </td>
      </tr>
      <tr>
        <td
          rowSpan={1}>
          <div
            className="emptyCell" />
        </td>
      </tr>
      <tr>
        <td
          rowSpan={8}>
          <div
            className="emptyCell" />
        </td>
        <td
          rowSpan={4}>
          <div
            className="emptyCell" />
        </td>
        <td
          rowSpan={2}>
          <div
            className="emptyCell" />
        </td>
        <td
          rowSpan={1}>
          <div
            className="emptyCell" />
        </td>
      </tr>
      <tr>
        <td
          rowSpan={1}>
          <div
            className="emptyCell" />
        </td>
      </tr>
      <tr>
        <td
          rowSpan={2}>
          <div
            className="emptyCell" />
        </td>
        <td
          rowSpan={1}>
          <div
            className="emptyCell" />
        </td>
      </tr>
      <tr>
        <td
          rowSpan={1}>
          <div
            className="emptyCell" />
        </td>
      </tr>
      <tr>
        <td
          rowSpan={4}>
          <div
            className="emptyCell" />
        </td>
        <td
          rowSpan={2}>
          <div
            className="emptyCell" />
        </td>
        <td
          rowSpan={1}>
          <div
            className="emptyCell" />
        </td>
      </tr>
      <tr>
        <td
          rowSpan={1}>
          <div
            className="emptyCell" />
        </td>
      </tr>
      <tr>
        <td
          rowSpan={2}>
          <div
            className="emptyCell" />
        </td>
        <td
          rowSpan={1}>
          <div
            className="emptyCell" />
        </td>
      </tr>
      <tr>
        <td
          rowSpan={1}>
          <div
            className="emptyCell" />
        </td>
      </tr>
      <tr>
        <td
          rowSpan={16}>
          <div
            className="emptyCell" />
        </td>
        <td
          rowSpan={8}>
          <div
            className="emptyCell" />
        </td>
        <td
          rowSpan={4}>
          <div
            className="emptyCell" />
        </td>
        <td
          rowSpan={2}>
          <div
            className="emptyCell" />
        </td>
        <td
          rowSpan={1}>
          <div
            className="emptyCell" />
        </td>
      </tr>
      <tr>
        <td
          rowSpan={1}>
          <div
            className="emptyCell" />
        </td>
      </tr>
      <tr>
        <td
          rowSpan={2}>
          <div
            className="emptyCell" />
        </td>
        <td
          rowSpan={1}>
          <div
            className="emptyCell" />
        </td>
      </tr>
      <tr>
        <td
          rowSpan={1}>
          <div
            className="emptyCell" />
        </td>
      </tr>
      <tr>
        <td
          rowSpan={4}>
          <div
            className="emptyCell" />
        </td>
        <td
          rowSpan={2}>
          <div
            className="emptyCell" />
        </td>
        <td
          rowSpan={1}>
          <div
            className="emptyCell" />
        </td>
      </tr>
      <tr>
        <td
          rowSpan={1}>
          <div
            className="emptyCell" />
        </td>
      </tr>
      <tr>
        <td
          rowSpan={2}>
          <div
            className="emptyCell" />
        </td>
        <td
          rowSpan={1}>
          <div
            className="emptyCell" />
        </td>
      </tr>
      <tr>
        <td
          rowSpan={1}>
          <div
            className="emptyCell" />
        </td>
      </tr>
      <tr>
        <td
          rowSpan={8}>
          <div
            className="emptyCell" />
        </td>
        <td
          rowSpan={4}>
          <div
            className="emptyCell" />
        </td>
        <td
          rowSpan={2}>
          <div
            className="emptyCell" />
        </td>
        <td
          rowSpan={1}>
          <div
            className="emptyCell" />
        </td>
      </tr>
      <tr>
        <td
          rowSpan={1}>
          <div
            className="emptyCell" />
        </td>
      </tr>
      <tr>
        <td
          rowSpan={2}>
          <div
            className="emptyCell" />
        </td>
        <td
          rowSpan={1}>
          <div
            className="emptyCell" />
        </td>
      </tr>
      <tr>
        <td
          rowSpan={1}>
          <div
            className="emptyCell" />
        </td>
      </tr>
      <tr>
        <td
          rowSpan={4}>
          <div
            className="emptyCell" />
        </td>
        <td
          rowSpan={2}>
          <div
            className="emptyCell" />
        </td>
        <td
          rowSpan={1}>
          <div
            className="emptyCell" />
        </td>
      </tr>
      <tr>
        <td
          rowSpan={1}>
          <div
            className="emptyCell" />
        </td>
      </tr>
      <tr>
        <td
          rowSpan={2}>
          <div
            className="emptyCell" />
        </td>
        <td
          rowSpan={1}>
          <div
            className="emptyCell" />
        </td>
      </tr>
      <tr>
        <td
          rowSpan={1}>
          <div
            className="emptyCell" />
        </td>
      </tr>
    </tbody>
  </table>
</div>
`;
